// Jest Snapshot v1, https://goo.gl/fbAQLP

exports[`Renders Country Table ELement WithOut Crashing 1`] = `ShallowWrapper {}`;

exports[`renders without crashing 1`] = `ShallowWrapper {}`;
